
  [32m[1mVITE[22m v6.3.5[39m  [2mready in [0m[1m737[22m[2m[0m ms[22m

  [32m➜[39m  [1mLocal[22m:   [36mhttp://localhost:[1m5173[22m/[39m
[2m  [32m➜[39m  [1mNetwork[22m[2m: use [22m[1m--host[22m[2m to expose[22m
[2m오후 3:33:17[22m [36m[1m[vite][22m[39m changed tsconfig file detected: C:/SpringBootWorks/jobbridge/frontend/tsconfig.json - Clearing cache and forcing full-reload to ensure TypeScript is compiled with updated config values.
[2m오후 3:33:17[22m [36m[1m[vite][22m[39m [90m[2m(client)[22m[39m [32mpage reload [39m[2mindex.html[22m
[2m오후 3:33:17[22m [36m[1m[vite][22m[39m [90m[2m(client)[22m[39m [32mhmr update [39m[2m/src/app/App.tsx[22m
[2m오후 3:33:17[22m [36m[1m[vite][22m[39m [90m[2m(client)[22m[39m [32mpage reload [39m[2msrc/app/api/profileApi.ts[22m
[2m오후 3:33:17[22m [36m[1m[vite][22m[39m [90m[2m(client)[22m[39m [32mpage reload [39m[2msrc/app/components/figma/ImageWithFallback.tsx[22m
[2m오후 3:33:17[22m [36m[1m[vite][22m[39m [90m[2m(client)[22m[39m [32mpage reload [39m[2msrc/app/components/ui/accordion.tsx[22m
[2m오후 3:33:17[22m [36m[1m[vite][22m[39m [90m[2m(client)[22m[39m [32mpage reload [39m[2msrc/app/components/ui/alert-dialog.tsx[22m
[2m오후 3:33:17[22m [36m[1m[vite][22m[39m [90m[2m(client)[22m[39m [32mpage reload [39m[2msrc/app/components/ui/alert.tsx[22m
[2m오후 3:33:17[22m [36m[1m[vite][22m[39m [90m[2m(client)[22m[39m [32mpage reload [39m[2msrc/app/components/ui/aspect-ratio.tsx[22m
[2m오후 3:33:17[22m [36m[1m[vite][22m[39m [90m[2m(client)[22m[39m [32mpage reload [39m[2msrc/app/components/ui/avatar.tsx[22m
[2m오후 3:33:17[22m [36m[1m[vite][22m[39m [90m[2m(client)[22m[39m [32mpage reload [39m[2msrc/app/components/ui/badge.tsx[22m
[2m오후 3:33:17[22m [36m[1m[vite][22m[39m [90m[2m(client)[22m[39m [32mpage reload [39m[2msrc/app/components/ui/breadcrumb.tsx[22m
[2m오후 3:33:17[22m [36m[1m[vite][22m[39m [90m[2m(client)[22m[39m [32mpage reload [39m[2msrc/app/components/ui/button.tsx[22m
[2m오후 3:33:17[22m [36m[1m[vite][22m[39m [90m[2m(client)[22m[39m [32mpage reload [39m[2msrc/app/components/ui/calendar.tsx[22m
[2m오후 3:33:17[22m [36m[1m[vite][22m[39m [90m[2m(client)[22m[39m [32mpage reload [39m[2msrc/app/components/ui/card.tsx[22m
[2m오후 3:33:17[22m [36m[1m[vite][22m[39m [90m[2m(client)[22m[39m [32mpage reload [39m[2msrc/app/components/ui/carousel.tsx[22m
[2m오후 3:33:17[22m [36m[1m[vite][22m[39m [90m[2m(client)[22m[39m [32mpage reload [39m[2msrc/app/components/ui/chart.tsx[22m
[2m오후 3:33:17[22m [36m[1m[vite][22m[39m [90m[2m(client)[22m[39m [32mpage reload [39m[2msrc/app/components/ui/checkbox.tsx[22m
[2m오후 3:33:17[22m [36m[1m[vite][22m[39m [90m[2m(client)[22m[39m [32mpage reload [39m[2msrc/app/components/ui/collapsible.tsx[22m
[2m오후 3:33:17[22m [36m[1m[vite][22m[39m [90m[2m(client)[22m[39m [32mpage reload [39m[2msrc/app/components/ui/command.tsx[22m
[2m오후 3:33:17[22m [36m[1m[vite][22m[39m [90m[2m(client)[22m[39m [32mpage reload [39m[2msrc/app/components/ui/context-menu.tsx[22m
[2m오후 3:33:17[22m [36m[1m[vite][22m[39m [90m[2m(client)[22m[39m [32mpage reload [39m[2msrc/app/components/ui/dialog.tsx[22m
[2m오후 3:33:17[22m [36m[1m[vite][22m[39m [90m[2m(client)[22m[39m [32mpage reload [39m[2msrc/app/components/ui/drawer.tsx[22m
[2m오후 3:33:17[22m [36m[1m[vite][22m[39m [90m[2m(client)[22m[39m [32mpage reload [39m[2msrc/app/components/ui/dropdown-menu.tsx[22m
[2m오후 3:33:17[22m [36m[1m[vite][22m[39m [90m[2m(client)[22m[39m [32mpage reload [39m[2msrc/app/components/ui/form.tsx[22m
[2m오후 3:33:17[22m [36m[1m[vite][22m[39m [90m[2m(client)[22m[39m [32mpage reload [39m[2msrc/app/components/ui/hover-card.tsx[22m
[2m오후 3:33:17[22m [36m[1m[vite][22m[39m [90m[2m(client)[22m[39m [32mpage reload [39m[2msrc/app/components/ui/input-otp.tsx[22m
[2m오후 3:33:17[22m [36m[1m[vite][22m[39m [90m[2m(client)[22m[39m [32mpage reload [39m[2msrc/app/components/ui/input.tsx[22m
[2m오후 3:33:17[22m [36m[1m[vite][22m[39m [90m[2m(client)[22m[39m [32mpage reload [39m[2msrc/app/components/ui/label.tsx[22m
[2m오후 3:33:17[22m [36m[1m[vite][22m[39m [90m[2m(client)[22m[39m [32mpage reload [39m[2msrc/app/components/ui/menubar.tsx[22m
[2m오후 3:33:17[22m [36m[1m[vite][22m[39m [90m[2m(client)[22m[39m [32mpage reload [39m[2msrc/app/components/ui/navigation-menu.tsx[22m
[2m오후 3:33:17[22m [36m[1m[vite][22m[39m [90m[2m(client)[22m[39m [32mpage reload [39m[2msrc/app/components/ui/pagination.tsx[22m
[2m오후 3:33:17[22m [36m[1m[vite][22m[39m [90m[2m(client)[22m[39m [32mpage reload [39m[2msrc/app/components/ui/popover.tsx[22m
[2m오후 3:33:17[22m [36m[1m[vite][22m[39m [90m[2m(client)[22m[39m [32mpage reload [39m[2msrc/app/components/ui/progress.tsx[22m
[2m오후 3:33:17[22m [36m[1m[vite][22m[39m [90m[2m(client)[22m[39m [32mpage reload [39m[2msrc/app/components/ui/radio-group.tsx[22m
[2m오후 3:33:17[22m [36m[1m[vite][22m[39m [90m[2m(client)[22m[39m [32mpage reload [39m[2msrc/app/components/ui/resizable.tsx[22m
[2m오후 3:33:17[22m [36m[1m[vite][22m[39m [90m[2m(client)[22m[39m [32mpage reload [39m[2msrc/app/components/ui/scroll-area.tsx[22m
[2m오후 3:33:17[22m [36m[1m[vite][22m[39m [90m[2m(client)[22m[39m [32mpage reload [39m[2msrc/app/components/ui/select.tsx[22m
[2m오후 3:33:17[22m [36m[1m[vite][22m[39m [90m[2m(client)[22m[39m [32mpage reload [39m[2msrc/app/components/ui/separator.tsx[22m
[2m오후 3:33:17[22m [36m[1m[vite][22m[39m [90m[2m(client)[22m[39m [32mpage reload [39m[2msrc/app/components/ui/sheet.tsx[22m
[2m오후 3:33:17[22m [36m[1m[vite][22m[39m [90m[2m(client)[22m[39m [32mpage reload [39m[2msrc/app/components/ui/sidebar.tsx[22m
[2m오후 3:33:17[22m [36m[1m[vite][22m[39m [90m[2m(client)[22m[39m [32mpage reload [39m[2msrc/app/components/ui/skeleton.tsx[22m
[2m오후 3:33:17[22m [36m[1m[vite][22m[39m [90m[2m(client)[22m[39m [32mpage reload [39m[2msrc/app/components/ui/slider.tsx[22m
[2m오후 3:33:17[22m [36m[1m[vite][22m[39m [90m[2m(client)[22m[39m [32mpage reload [39m[2msrc/app/components/ui/sonner.tsx[22m
[2m오후 3:33:17[22m [36m[1m[vite][22m[39m [90m[2m(client)[22m[39m [32mpage reload [39m[2msrc/app/components/ui/switch.tsx[22m
[2m오후 3:33:17[22m [36m[1m[vite][22m[39m [90m[2m(client)[22m[39m [32mpage reload [39m[2msrc/app/components/ui/table.tsx[22m
[2m오후 3:33:17[22m [36m[1m[vite][22m[39m [90m[2m(client)[22m[39m [32mpage reload [39m[2msrc/app/components/ui/tabs.tsx[22m
[2m오후 3:33:17[22m [36m[1m[vite][22m[39m [90m[2m(client)[22m[39m [32mpage reload [39m[2msrc/app/components/ui/textarea.tsx[22m
[2m오후 3:33:17[22m [36m[1m[vite][22m[39m [90m[2m(client)[22m[39m [32mpage reload [39m[2msrc/app/components/ui/toggle-group.tsx[22m
[2m오후 3:33:17[22m [36m[1m[vite][22m[39m [90m[2m(client)[22m[39m [32mpage reload [39m[2msrc/app/components/ui/toggle.tsx[22m
[2m오후 3:33:17[22m [36m[1m[vite][22m[39m [90m[2m(client)[22m[39m [32mpage reload [39m[2msrc/app/components/ui/tooltip.tsx[22m
[2m오후 3:33:17[22m [36m[1m[vite][22m[39m [90m[2m(client)[22m[39m [32mpage reload [39m[2msrc/app/components/ui/use-mobile.ts[22m
[2m오후 3:33:17[22m [36m[1m[vite][22m[39m [90m[2m(client)[22m[39m [32mpage reload [39m[2msrc/app/components/ui/utils.ts[22m
[2m오후 3:33:17[22m [36m[1m[vite][22m[39m [90m[2m(client)[22m[39m [32mpage reload [39m[2msrc/app/data/mockData.ts[22m
[2m오후 3:33:17[22m [36m[1m[vite][22m[39m [90m[2m(client)[22m[39m [32mpage reload [39m[2msrc/app/features/jobs/JobCard.tsx[22m
[2m오후 3:33:17[22m [36m[1m[vite][22m[39m [90m[2m(client)[22m[39m [32mpage reload [39m[2msrc/app/types.ts[22m
[2m오후 3:33:17[22m [36m[1m[vite][22m[39m [90m[2m(client)[22m[39m [32mhmr update [39m[2m/src/app/layout/Footer.tsx[22m
[2m오후 3:33:17[22m [36m[1m[vite][22m[39m [90m[2m(client)[22m[39m [32mhmr update [39m[2m/src/app/layout/Navbar.tsx[22m
[2m오후 3:33:17[22m [36m[1m[vite][22m[39m [90m[2m(client)[22m[39m [32mpage reload [39m[2msrc/main.tsx[22m
[2m오후 3:33:17[22m [36m[1m[vite][22m[39m [90m[2m(client)[22m[39m [32mhmr update [39m[2m/src/app/pages/admin/AdminPage.tsx[22m
[2m오후 3:33:17[22m [36m[1m[vite][22m[39m [90m[2m(client)[22m[39m [32mhmr update [39m[2m/src/app/pages/auth/LoginPage.tsx[22m
[2m오후 3:33:17[22m [36m[1m[vite][22m[39m [90m[2m(client)[22m[39m [32mhmr update [39m[2m/src/app/pages/auth/RegisterPage.tsx[22m
[2m오후 3:33:17[22m [36m[1m[vite][22m[39m [90m[2m(client)[22m[39m [32mhmr update [39m[2m/src/app/pages/home/MainPage.tsx[22m
[2m오후 3:33:17[22m [36m[1m[vite][22m[39m [90m[2m(client)[22m[39m [32mhmr update [39m[2m/src/app/pages/profile/ProfilePage.tsx[22m
[2m오후 3:33:17[22m [36m[1m[vite][22m[39m [90m[2m(client)[22m[39m [32mpage reload [39m[2msrc/styles/fonts.css[22m
[2m오후 3:33:17[22m [36m[1m[vite][22m[39m [90m[2m(client)[22m[39m [32mhmr update [39m[2m/src/styles/index.css[22m
[2m오후 3:33:17[22m [36m[1m[vite][22m[39m [90m[2m(client)[22m[39m [32mpage reload [39m[2msrc/styles/theme.css[22m
[2m오후 3:33:17[22m [36m[1m[vite][22m[39m [90m[2m(client)[22m[39m [32mpage reload [39m[2msrc/styles/tailwind.css[22m
[2m오후 3:33:17[22m [36m[1m[vite][22m[39m [32mvite.config.ts changed, restarting server...[39m
[2m오후 3:33:17[22m [36m[1m[vite][22m[39m server restarted.
