[2m오후 3:33:19[22m [31m[1m[vite][22m[39m [31mInternal server error: Failed to resolve import "@/app/data/mockData" from "src/app/App.tsx". Does the file exist?[39m
  Plugin: [35mvite:import-analysis[39m
  File: [36mC:/SpringBootWorks/jobbridge/frontend/src/app/App.tsx[39m:3:59
[33m  1  |  import { jsxDEV } from "react/jsx-dev-runtime";
  2  |  import { useState } from "react";
  3  |  import { mockAdminUser, mockCorporateUser, mockUser } from "@/app/data/mockData";
     |                                                              ^
  4  |  import { Navbar } from "@/app/layout/Navbar";
  5  |  import { Footer } from "@/app/layout/Footer";[39m
      at TransformPluginContext._formatLog (file:///C:/Users/data8320-13/Desktop/YKK/YKK-Frontend/node_modules/vite/dist/node/chunks/dep-DBxKXgDP.js:42499:41)
      at TransformPluginContext.error (file:///C:/Users/data8320-13/Desktop/YKK/YKK-Frontend/node_modules/vite/dist/node/chunks/dep-DBxKXgDP.js:42496:16)
      at normalizeUrl (file:///C:/Users/data8320-13/Desktop/YKK/YKK-Frontend/node_modules/vite/dist/node/chunks/dep-DBxKXgDP.js:40475:23)
      at process.processTicksAndRejections (node:internal/process/task_queues:104:5)
      at async file:///C:/Users/data8320-13/Desktop/YKK/YKK-Frontend/node_modules/vite/dist/node/chunks/dep-DBxKXgDP.js:40594:37
      at async Promise.all (index 2)
      at async TransformPluginContext.transform (file:///C:/Users/data8320-13/Desktop/YKK/YKK-Frontend/node_modules/vite/dist/node/chunks/dep-DBxKXgDP.js:40521:7)
      at async EnvironmentPluginContainer.transform (file:///C:/Users/data8320-13/Desktop/YKK/YKK-Frontend/node_modules/vite/dist/node/chunks/dep-DBxKXgDP.js:42294:18)
      at async loadAndTransform (file:///C:/Users/data8320-13/Desktop/YKK/YKK-Frontend/node_modules/vite/dist/node/chunks/dep-DBxKXgDP.js:35735:27)
[2m오후 3:33:19[22m [31m[1m[vite][22m[39m [31mInternal server error: Failed to resolve import "@/app/data/mockData" from "src/app/App.tsx". Does the file exist?[39m
  Plugin: [35mvite:import-analysis[39m
  File: [36mC:/SpringBootWorks/jobbridge/frontend/src/app/App.tsx[39m:3:59
[33m  1  |  import { jsxDEV } from "react/jsx-dev-runtime";
  2  |  import { useState } from "react";
  3  |  import { mockAdminUser, mockCorporateUser, mockUser } from "@/app/data/mockData";
     |                                                              ^
  4  |  import { Navbar } from "@/app/layout/Navbar";
  5  |  import { Footer } from "@/app/layout/Footer";[39m
      at TransformPluginContext._formatLog (file:///C:/Users/data8320-13/Desktop/YKK/YKK-Frontend/node_modules/vite/dist/node/chunks/dep-DBxKXgDP.js:42499:41)
      at TransformPluginContext.error (file:///C:/Users/data8320-13/Desktop/YKK/YKK-Frontend/node_modules/vite/dist/node/chunks/dep-DBxKXgDP.js:42496:16)
      at normalizeUrl (file:///C:/Users/data8320-13/Desktop/YKK/YKK-Frontend/node_modules/vite/dist/node/chunks/dep-DBxKXgDP.js:40475:23)
      at process.processTicksAndRejections (node:internal/process/task_queues:104:5)
      at async file:///C:/Users/data8320-13/Desktop/YKK/YKK-Frontend/node_modules/vite/dist/node/chunks/dep-DBxKXgDP.js:40594:37
      at async Promise.all (index 2)
      at async TransformPluginContext.transform (file:///C:/Users/data8320-13/Desktop/YKK/YKK-Frontend/node_modules/vite/dist/node/chunks/dep-DBxKXgDP.js:40521:7)
      at async EnvironmentPluginContainer.transform (file:///C:/Users/data8320-13/Desktop/YKK/YKK-Frontend/node_modules/vite/dist/node/chunks/dep-DBxKXgDP.js:42294:18)
      at async loadAndTransform (file:///C:/Users/data8320-13/Desktop/YKK/YKK-Frontend/node_modules/vite/dist/node/chunks/dep-DBxKXgDP.js:35735:27)
[2m오후 3:33:19[22m [31m[1m[vite][22m[39m [31m[2m(client)[22m[39m Pre-transform error: Failed to resolve import "@/app/data/mockData" from "src/app/App.tsx". Does the file exist?
  Plugin: [35mvite:import-analysis[39m
  File: [36mC:/SpringBootWorks/jobbridge/frontend/src/app/App.tsx[39m:3:59
[33m  1  |  import { jsxDEV } from "react/jsx-dev-runtime";
  2  |  import { useState } from "react";
  3  |  import { mockAdminUser, mockCorporateUser, mockUser } from "@/app/data/mockData";
     |                                                              ^
  4  |  import { Navbar } from "@/app/layout/Navbar";
  5  |  import { Footer } from "@/app/layout/Footer";[39m
